// Jest Snapshot v1, https://goo.gl/fbAQLP

exports[`Component renders in a snapshot 1`] = `
<RCTScrollView>
  <View>
    <Image
      resizeMode="contain"
      source={1}
      style={
        Object {
          "height": 375,
          "width": 750,
        }
      }
    />
  </View>
</RCTScrollView>
`;
